// Jest Snapshot v1, https://goo.gl/fbAQLP

exports[`Footer.vue renders correctly 1`] = `
<div id="footer" class="footer">
  <p class="footer">Made with <font-awesome-icon icon="heart"></font-awesome-icon> by Iveren</p>
</div>
`;
